2026-03-26 12:29:18,205 - INFO - GET /favicon.ico | 404 | 1ms
2026-03-26 12:29:20,521 - INFO - GET /docs | 200 | 0ms
2026-03-26 12:29:20,670 - INFO - GET /openapi.json | 200 | 33ms
2026-03-26 12:29:49,655 - INFO - GET /health | 200 | 629ms
2026-03-26 12:31:01,936 - INFO - POST /auth/register | 201 | 1591ms
2026-03-26 12:35:15,565 - INFO - GET /docs | 200 | 2ms
2026-03-26 12:35:15,653 - INFO - GET /openapi.json | 200 | 1ms
2026-03-26 12:35:35,800 - INFO - POST /auth/login | 200 | 760ms
2026-03-26 12:36:46,221 - INFO - POST /loans | 401 | 3ms
2026-03-26 12:39:28,476 - INFO - POST /loans | 401 | 3ms
2026-03-26 12:41:42,578 - INFO - POST /loans | 401 | 2ms
2026-03-26 12:42:06,258 - INFO - POST /loans | 201 | 1386ms
2026-03-26 12:43:18,456 - INFO - GET /loans/my | 200 | 587ms
2026-03-26 12:54:15,766 - INFO - GET /loans/my/1 | 200 | 1358ms
2026-03-26 12:55:18,648 - INFO - GET /admin/loans | 403 | 1ms
2026-03-26 13:01:58,300 - INFO - POST /auth/login | 401 | 611ms
2026-03-26 13:04:23,254 - INFO - GET / | 404 | 1ms
2026-03-26 13:04:27,087 - INFO - GET /docs | 200 | 1ms
2026-03-26 13:04:27,177 - INFO - GET /openapi.json | 200 | 31ms
2026-03-26 13:04:58,579 - INFO - POST /auth/login | 401 | 685ms
2026-03-26 13:07:18,669 - INFO - POST /auth/login | 200 | 719ms
2026-03-26 13:08:22,484 - INFO - GET /admin/loans | 200 | 577ms
2026-03-26 13:09:39,489 - INFO - GET /admin/loans | 200 | 640ms
2026-03-26 13:10:02,689 - INFO - GET /admin/loans | 200 | 621ms
2026-03-26 13:10:13,779 - INFO - GET /admin/loans | 200 | 1030ms
2026-03-26 13:10:26,255 - INFO - GET /admin/loans | 200 | 661ms
2026-03-26 13:11:17,371 - INFO - GET /admin/loans/1 | 200 | 706ms
2026-03-26 13:11:40,121 - INFO - GET /admin/loans/2 | 404 | 609ms
2026-03-26 13:11:47,901 - INFO - GET /admin/loans/1 | 200 | 827ms
2026-03-26 13:13:23,502 - INFO - PATCH /admin/loans/1/review | 200 | 2219ms
2026-03-26 13:16:09,431 - INFO - POST /admin/loans/bulk-check | 200 | 717ms
2026-03-26 13:16:21,433 - INFO - POST /admin/loans/bulk-check | 200 | 678ms
2026-03-26 13:16:41,965 - INFO - POST /admin/loans/bulk-check | 200 | 868ms
2026-03-26 13:18:33,263 - INFO - POST /auth/login | 200 | 734ms
2026-03-26 13:19:31,380 - INFO - POST /loans | 422 | 3ms
2026-03-26 13:19:45,010 - INFO - POST /loans | 201 | 2060ms
2026-03-26 13:20:22,219 - INFO - PATCH /admin/loans/2/review | 403 | 6ms
2026-03-26 13:20:56,294 - INFO - POST /auth/login | 200 | 652ms
2026-03-26 13:21:01,211 - INFO - POST /auth/login | 200 | 643ms
2026-03-26 13:21:14,859 - INFO - PATCH /admin/loans/2/review | 403 | 4ms
2026-03-26 13:21:18,772 - INFO - PATCH /admin/loans/2/review | 403 | 3ms
2026-03-26 13:21:53,599 - INFO - PATCH /admin/loans/2/review | 200 | 1996ms
2026-03-26 13:27:30,168 - INFO - GET /docs | 200 | 1ms
2026-03-26 13:27:30,173 - INFO - POST /admin/loans/bulk-check | 401 | 6ms
2026-03-26 13:27:30,175 - INFO - POST /admin/loans/bulk-check | 401 | 8ms
2026-03-26 13:27:30,326 - INFO - GET /openapi.json | 200 | 12ms
2026-03-26 13:28:08,350 - INFO - POST /auth/login | 200 | 585ms
2026-03-26 14:46:11,191 - INFO - GET /docs | 200 | 1ms
2026-03-26 14:46:11,272 - INFO - GET /openapi.json | 200 | 27ms
2026-03-26 14:46:47,237 - INFO - POST /auth/login | 200 | 579ms
2026-03-26 14:51:48,884 - INFO - GET /docs | 200 | 1ms
2026-03-26 14:51:48,974 - INFO - GET /openapi.json | 200 | 26ms
2026-03-26 14:52:10,571 - INFO - POST /auth/login | 200 | 678ms
2026-03-26 14:52:26,188 - INFO - POST /admin/loans/bulk-check | 200 | 841ms
2026-03-26 14:52:39,268 - INFO - POST /admin/loans/bulk-check | 200 | 831ms
2026-03-26 14:53:16,028 - INFO - POST /admin/loans/bulk-check | 200 | 599ms
2026-03-26 14:53:29,094 - INFO - POST /admin/loans/bulk-check | 200 | 595ms
2026-03-26 14:53:36,922 - INFO - POST /admin/loans/bulk-check | 200 | 727ms
2026-03-26 14:54:27,183 - INFO - POST /admin/loans/bulk-check | 200 | 754ms
2026-03-26 14:55:08,516 - INFO - GET /analytics/summary | 200 | 759ms
2026-03-26 14:56:10,899 - INFO - POST /auth/login | 200 | 644ms
2026-03-26 14:56:37,563 - INFO - GET /analytics/summary | 403 | 2ms
2026-03-26 16:55:53,170 - INFO - GET /analytics/summary | 401 | 11ms
2026-03-26 16:56:04,401 - INFO - GET /docs | 200 | 1ms
2026-03-26 16:56:04,564 - INFO - GET /openapi.json | 200 | 54ms
2026-03-26 16:57:05,542 - INFO - POST /auth/register | 201 | 2523ms
2026-03-26 16:57:40,772 - INFO - POST /auth/login | 200 | 1698ms
2026-03-26 16:58:09,348 - INFO - GET /analytics/summary | 403 | 6ms
2026-03-26 17:18:31,890 - INFO - POST /auth/register | 422 | 4ms
2026-03-26 17:55:03,130 - INFO - POST /auth/register | 422 | 9ms
2026-03-26 17:56:42,130 - INFO - POST /auth/register | 201 | 2652ms
2026-03-26 17:57:48,483 - INFO - POST /auth/login | 401 | 1474ms
2026-03-26 17:57:59,648 - INFO - POST /auth/login | 200 | 1355ms
2026-03-26 18:01:42,588 - INFO - POST /loans | 401 | 4ms
2026-03-26 18:02:12,802 - INFO - POST /loans | 401 | 5ms
2026-03-26 18:04:02,788 - INFO - POST /loans | 401 | 6ms
2026-03-26 18:10:49,757 - INFO - GET /loans/my | 401 | 8ms
2026-03-26 18:12:03,764 - INFO - POST /auth/register | 422 | 9ms
2026-03-26 18:12:24,776 - INFO - POST /auth/register | 201 | 2614ms
2026-03-26 18:13:08,867 - INFO - POST /auth/login | 200 | 1295ms
2026-03-26 18:14:34,887 - INFO - POST /loans | 401 | 4ms
2026-03-26 18:16:03,271 - INFO - POST /loans | 401 | 4ms
2026-03-26 18:16:17,589 - INFO - POST /auth/login | 200 | 1276ms
2026-03-26 18:16:30,993 - INFO - POST /loans | 401 | 4ms
2026-03-26 18:18:37,722 - INFO - POST /loans | 401 | 5ms
2026-03-26 18:19:04,759 - INFO - POST /loans | 401 | 5ms
2026-03-26 18:19:07,174 - INFO - POST /loans | 401 | 7ms
2026-03-26 18:19:43,023 - INFO - POST /auth/login | 200 | 1419ms
2026-03-26 18:19:47,615 - INFO - POST /auth/login | 200 | 1386ms
2026-03-26 18:20:17,442 - INFO - POST /loans | 401 | 4ms
2026-03-26 18:21:05,432 - INFO - POST //auth/login | 404 | 1ms
2026-03-26 18:21:05,493 - INFO - POST /loans | 401 | 6ms
2026-03-26 18:21:42,565 - INFO - POST //auth/login | 404 | 2ms
2026-03-26 18:21:42,626 - INFO - POST /loans | 401 | 5ms
2026-03-26 18:21:45,732 - INFO - POST //auth/login | 404 | 1ms
2026-03-26 18:21:45,825 - INFO - POST /loans | 401 | 7ms
2026-03-26 18:27:37,114 - INFO - POST //auth/login | 404 | 1ms
2026-03-26 18:28:04,294 - INFO - POST //auth/login | 404 | 1ms
2026-03-26 18:28:04,344 - INFO - POST /loans | 401 | 6ms
2026-03-26 18:29:31,242 - INFO - GET /loans/my | 401 | 4ms
2026-03-26 18:30:59,101 - INFO - GET / | 404 | 0ms
2026-03-26 18:30:59,159 - INFO - GET /favicon.ico | 404 | 1ms
2026-03-26 18:31:05,381 - INFO - GET /docs | 200 | 1ms
2026-03-26 18:31:05,661 - INFO - GET /openapi.json | 200 | 43ms
2026-03-26 18:31:38,408 - INFO - POST /loans | 401 | 6ms
2026-03-26 18:32:08,676 - INFO - POST /auth/login | 401 | 926ms
2026-03-26 18:32:36,642 - INFO - POST /auth/login | 200 | 1482ms
2026-03-26 18:32:51,805 - INFO - POST /loans | 401 | 4ms
2026-03-26 18:33:46,377 - INFO - POST /loans | 201 | 1975ms
2026-03-26 18:34:41,882 - INFO - POST /auth/login | 200 | 1280ms
2026-03-26 18:34:52,735 - INFO - POST /auth/login | 200 | 1384ms
2026-03-26 18:35:08,723 - INFO - POST /loans | 401 | 4ms
2026-03-26 18:37:26,140 - INFO - POST /auth/login | 200 | 1316ms
2026-03-26 18:40:00,739 - INFO - GET /admin/loans | 401 | 3ms
2026-03-26 18:40:34,336 - INFO - GET /admin/loans | 401 | 3ms
2026-03-26 18:40:46,814 - INFO - GET /admin/loans | 401 | 2ms
2026-03-26 18:41:52,699 - INFO - GET /admin/loans | 401 | 3ms
2026-03-26 18:42:59,237 - INFO - GET /auth/login | 405 | 1ms
2026-03-26 18:43:08,868 - INFO - POST /auth/login | 200 | 1467ms
2026-03-26 18:43:54,465 - INFO - GET /admin/loans | 401 | 3ms
2026-03-26 18:45:58,639 - INFO - POST /auth/register | 409 | 746ms
2026-03-26 18:47:49,049 - INFO - POST /auth/register | 201 | 2607ms
2026-03-26 18:48:14,865 - INFO - POST /auth/login | 200 | 1285ms
2026-03-26 18:48:42,350 - INFO - POST /loans | 401 | 5ms
2026-03-26 18:49:20,836 - INFO - GET /loans/my | 401 | 4ms
2026-03-26 18:51:00,731 - INFO - POST /auth/login | 200 | 1330ms
2026-03-26 18:51:33,089 - INFO - POST /loans | 201 | 1889ms
2026-03-26 18:53:58,397 - INFO - GET /loans/my | 200 | 2056ms
2026-03-26 18:55:22,670 - INFO - POST /auth/login | 200 | 1608ms
2026-03-26 18:56:23,694 - INFO - GET /admin/loans | 200 | 832ms
2026-03-26 18:56:39,161 - INFO - GET /analytics/summary | 200 | 1043ms
2026-03-26 18:57:58,472 - INFO - GET /admin/loans | 401 | 3ms
2026-03-26 18:58:17,060 - INFO - POST /auth/login | 200 | 1370ms
2026-03-26 18:58:37,561 - INFO - GET /admin/loans | 401 | 3ms
2026-03-27 10:13:28,054 - INFO - GET /docs | 200 | 2ms
2026-03-27 10:13:28,367 - INFO - GET /openapi.json | 200 | 54ms
2026-03-27 10:44:59,888 - INFO - GET /docs | 200 | 1ms
2026-03-27 10:45:00,023 - INFO - GET /openapi.json | 200 | 57ms
2026-03-27 10:45:11,239 - INFO - GET /health | 200 | 981ms
2026-03-27 12:09:59,094 - INFO - GET / | 404 | 1ms
2026-03-27 12:10:08,994 - INFO - GET /docs | 200 | 1ms
2026-03-27 12:10:09,151 - INFO - GET /openapi.json | 200 | 41ms
2026-03-27 12:10:17,365 - INFO - GET /health | 200 | 759ms
2026-03-27 12:12:24,889 - INFO - POST /auth/register | 201 | 2146ms
2026-03-27 12:34:20,499 - INFO - GET /docs | 200 | 1ms
2026-03-27 12:34:20,554 - INFO - GET /openapi.json | 200 | 1ms
2026-03-27 13:06:20,576 - INFO - POST /auth/login | 200 | 979ms
2026-03-27 13:07:41,028 - INFO - POST /loans | 201 | 1215ms
2026-03-27 13:11:37,843 - INFO - GET /loans/my | 200 | 593ms
2026-03-27 13:11:57,493 - INFO - POST /loans | 201 | 1064ms
2026-03-27 13:12:03,893 - INFO - GET /loans/my | 200 | 468ms
2026-03-27 13:12:42,358 - INFO - GET /loans/my/2 | 404 | 485ms
2026-03-27 13:12:50,093 - INFO - GET /loans/my/3 | 200 | 526ms
2026-03-27 13:13:54,553 - INFO - POST /auth/login | 200 | 865ms
2026-03-27 13:16:15,510 - INFO - GET /admin/loans | 200 | 474ms
2026-03-27 13:19:04,271 - INFO - PATCH /admin/loans/4/review | 200 | 1228ms
2026-03-27 13:23:17,050 - INFO - GET /analytics/summary | 200 | 649ms
